// Jest Snapshot v1, https://goo.gl/fbAQLP

exports[`serve fs output: 00 manifest.json 1`] = `
Object {
  "background": Object {
    "service_worker": "service-worker-loader.js",
    "type": "module",
  },
  "manifest_version": 3,
  "name": "test extension",
  "version": "0.1.0",
}
`;

exports[`serve fs output: 01 output files 1`] = `
Array [
  "assets/content-script-preamble.js.hash.js",
  "assets/precontroller.hash.js",
  "assets/vendor.hash.js",
  "manifest.json",
  "service-worker-loader.js",
]
`;

exports[`serve fs output: assets/content-script-preamble.js.hash.js 1`] = `
"import { R as RefreshRuntime } from './vendor.hash.js';

RefreshRuntime.injectIntoGlobalHook(window);
window.$RefreshReg$ = () => {};
window.$RefreshSig$ = () => (type) => type;
window.__vite_plugin_react_preamble_installed__ = true;
"
`;

exports[`serve fs output: assets/precontroller.hash.js 1`] = `
"setTimeout(() => location.reload(), 100);
"
`;

exports[`serve fs output: service-worker-loader.js 1`] = `
"import 'http://localhost:3000/@crx/worker-client';
import 'http://localhost:3000/src/background.ts';
"
`;
