// Jest Snapshot v1, https://goo.gl/fbAQLP

exports[`serve fs output: 00 manifest.json 1`] = `
Object {
  "background": Object {
    "service_worker": "service-worker-loader.js",
    "type": "module",
  },
  "content_scripts": Array [
    Object {
      "js": Array [
        "assets/content-script-loader.content.ts.hash.js",
      ],
      "matches": Array [
        "http://*/*",
        "https://*/*",
      ],
    },
  ],
  "manifest_version": 3,
  "name": "test extension",
  "version": "0.1.0",
  "web_accessible_resources": Array [
    Object {
      "matches": Array [
        "<all_urls>",
      ],
      "resources": Array [
        "*",
        "**/*",
      ],
      "use_dynamic_url": true,
    },
  ],
}
`;

exports[`serve fs output: 01 output files 1`] = `
Array [
  "assets/content-script-client.js.hash.js",
  "assets/content-script-loader.content.ts.hash.js",
  "assets/precontroller.hash.js",
  "manifest.json",
  "service-worker-loader.js",
  "src/content.ts.js",
  "src/styles.css.js",
]
`;

exports[`serve fs output: assets/content-script-loader.content.ts.hash.js 1`] = `
"(function () {
  'use strict';

  (async () => {
    if (\\"\\")
      await import(
        /* @vite-ignore */
        chrome.runtime.getURL(\\"\\")
      );
    await import(
      /* @vite-ignore */
      chrome.runtime.getURL(\\"assets/content-script-client.js.hash.js\\")
    );
    await import(
      /* @vite-ignore */
      chrome.runtime.getURL(\\"src/content.ts.js\\")
    );
  })().catch(console.error);

})();
"
`;

exports[`serve fs output: assets/precontroller.hash.js 1`] = `
"setTimeout(() => location.reload(), 100);
"
`;

exports[`serve fs output: service-worker-loader.js 1`] = `
"import 'http://localhost:3000/@crx/client/worker';
"
`;

exports[`serve fs output: src/content.ts.js 1`] = `
"import './styles.css.js';
import '../assets/content-script-client.js.hash.js';

console.log(\\"content.ts\\");
"
`;

exports[`serve fs output: src/styles.css.js 1`] = `
"import { createHotContext, updateStyle, removeStyle } from '../assets/content-script-client.js.hash.js';

import.meta.hot = createHotContext(\\"/src/styles.css\\");const __vite__id = \\"<root>/src/styles.css\\";
const __vite__css = \\"body {\\\\n  color: red;\\\\n}\\\\n\\";
updateStyle(__vite__id, __vite__css);
import.meta.hot.accept();
import.meta.hot.prune(() => removeStyle(__vite__id));
"
`;
