// Jest Snapshot v1, https://goo.gl/fbAQLP

exports[`serve fs output: _00 manifest.json 1`] = `
Object {
  "action": Object {
    "default_popup": "src/popup.html",
  },
  "background": Object {
    "service_worker": "service-worker-loader.js",
    "type": "module",
  },
  "content_scripts": Array [
    Object {
      "js": Array [
        "assets/content-script-loader.content.tsx.hash.js",
      ],
      "matches": Array [
        "http://*/*",
      ],
    },
  ],
  "manifest_version": 3,
  "name": "test extension",
  "version": "1.0.0",
  "web_accessible_resources": Array [
    Object {
      "matches": Array [
        "<all_urls>",
      ],
      "resources": Array [
        "*",
        "**/*",
      ],
      "use_dynamic_url": true,
    },
  ],
}
`;

exports[`serve fs output: _01 output files 1`] = `
Array [
  "_virtual/react-refresh.js",
  "_virtual/src/App.tsx.js",
  "_virtual/src/content.tsx.js",
  "_virtual/vendor/chunk-E2HL6QYL.js",
  "_virtual/vendor/crx-client-port.js",
  "_virtual/vendor/crx-client-preamble.js",
  "_virtual/vendor/react-dom.js",
  "_virtual/vendor/react_jsx-dev-runtime.js",
  "_virtual/vendor/vite-client-env.js",
  "_virtual/vendor/vite-client.js",
  "assets/content-script-loader.content.tsx.hash.js",
  "assets/precontroller.hash.js",
  "manifest.json",
  "service-worker-loader.js",
  "src/popup.html",
]
`;

exports[`serve fs output: _virtual/src/App.tsx.js 1`] = `
"import { createHotContext } from '../vendor/vite-client.js';
import exports from '../react-refresh.js';
import react_jsx_dev_runtime_default from '../vendor/react_jsx-dev-runtime.js';

import.meta.hot = createHotContext(\\"/_virtual/src/App.tsx.js\\");let prevRefreshReg;
let prevRefreshSig;
if (import.meta.hot) {
  if (!window.__vite_plugin_react_preamble_installed__) {
    throw new Error(\\"@vitejs/plugin-react can't detect preamble. Something is wrong. See https://github.com/vitejs/vite-plugin-react/pull/11#discussion_r430879201\\");
  }
  prevRefreshReg = window.$RefreshReg$;
  prevRefreshSig = window.$RefreshSig$;
  window.$RefreshReg$ = (type, id) => {
    exports.register(type, \\"<root>/src/App.tsx \\" + id);
  };
  window.$RefreshSig$ = exports.createSignatureFunctionForTransform;
}
var _jsxFileName = \\"<root>/src/App.tsx\\";
 const _jsxDEV = react_jsx_dev_runtime_default[\\"jsxDEV\\"];
const App = () => {
  return /* @__PURE__ */ _jsxDEV(\\"div\\", {
    children: [/* @__PURE__ */ _jsxDEV(\\"h1\\", {
      children: \\"Popup Page\\"
    }, void 0, false, {
      fileName: _jsxFileName,
      lineNumber: 6,
      columnNumber: 7
    }, this), /* @__PURE__ */ _jsxDEV(\\"p\\", {
      children: \\"If you are seeing this, React is working!\\"
    }, void 0, false, {
      fileName: _jsxFileName,
      lineNumber: 7,
      columnNumber: 7
    }, this)]
  }, void 0, true, {
    fileName: _jsxFileName,
    lineNumber: 5,
    columnNumber: 5
  }, this);
};
_c = App;
var _c;
$RefreshReg$(_c, \\"App\\");
if (import.meta.hot) {
  window.$RefreshReg$ = prevRefreshReg;
  window.$RefreshSig$ = prevRefreshSig;
  import.meta.hot.accept();
  if (!window.__vite_plugin_react_timeout) {
    window.__vite_plugin_react_timeout = setTimeout(() => {
      window.__vite_plugin_react_timeout = 0;
      exports.performReactRefresh();
    }, 30);
  }
}

export { App as default };
"
`;

exports[`serve fs output: _virtual/src/content.tsx.js 1`] = `
"import react_dom_default from '../vendor/react-dom.js';
import App from './App.tsx.js';
import react_jsx_dev_runtime_default from '../vendor/react_jsx-dev-runtime.js';

var _jsxFileName = \\"<root>/src/content.tsx\\";
 const render = react_dom_default[\\"render\\"];
 const _jsxDEV = react_jsx_dev_runtime_default[\\"jsxDEV\\"];
console.log(\\"content script\\");
const root = document.createElement(\\"div\\");
root.id = \\"root\\";
document.body.append(root);
render(/* @__PURE__ */ _jsxDEV(App, {}, void 0, false, {
  fileName: _jsxFileName,
  lineNumber: 10,
  columnNumber: 8
}, this), root);
if (import.meta.hot) {
  import.meta.hot.on(\\"crx:full-reload\\", () => {
    console.log(\\"[crx] full reload\\");
    setTimeout(() => location.reload(), 500);
  });
}
"
`;

exports[`serve fs output: assets/content-script-loader.content.tsx.hash.js 1`] = `
"(function () {
  'use strict';

  function crxUrlWithTime(url) {
    const crxUrl = new URL(chrome.runtime.getURL(url));
    const time = 1643155200000;
    crxUrl.searchParams.set(\\"t\\", time.toString());
    return crxUrl.href;
  }
  (async () => {
    if (\\"_virtual/vendor/crx-client-preamble.js\\")
      await import(
        /* @vite-ignore */
        crxUrlWithTime(\\"_virtual/vendor/crx-client-preamble.js\\")
      );
    await import(
      /* @vite-ignore */
      crxUrlWithTime(\\"_virtual/vendor/vite-client.js\\")
    );
    await import(
      /* @vite-ignore */
      crxUrlWithTime(\\"_virtual/src/content.tsx.js\\")
    );
  })().catch(console.error);

})();
"
`;

exports[`serve fs output: assets/precontroller.hash.js 1`] = `
"setTimeout(() => location.reload(), 100);
"
`;

exports[`serve fs output: service-worker-loader.js 1`] = `
"import 'http://localhost:3000/@crx/client/worker';
"
`;

exports[`serve fs output: src/popup.html 1`] = `
"<!DOCTYPE html>
<html lang=\\"en\\">
  <head>
    <title>Waiting for the extension service worker...</title>
    <script src=\\"/assets/precontroller.hash.js\\"></script>
  </head>
  <body>
    <h1>Waiting for service worker</h1>

    <p>
      If you see this message, it means the service worker has not loaded fully.
    </p>

    <p>
      During development, the service worker reroutes HTML requests to the dev
      server, so this file isn't used unless the extension service worker opens
      a page immediately after a full extension reload, and before the service
      worker takes control of fetch (e.g., in the onInstalled event). In that
      case, this page will continuously reload until the service worker is
      ready, always less than 100 ms.
    </p>

    <p>This page is never added in production.</p>
  </body>
</html>
"
`;
